** Drc report for pen-mixer.kicad_pcb **
** Created on 2026-08-29T15:04:49 **
** Report includes: Errors, Warnings **

** Found 14 DRC violations **
[copper_edge_clearance]: Board edge clearance violation (board setup constraints edge clearance 0.2000 mm; actual 0.0000 mm)
    Rule: board setup constraints edge; error
    @(102.0000 mm, 100.0000 mm): Arc on Edge.Cuts
    @(101.1800 mm, 101.4750 mm): PTH pad SH [<no net>] of J1
[copper_edge_clearance]: Board edge clearance violation (board setup constraints edge clearance 0.2000 mm; actual 0.0000 mm)
    Rule: board setup constraints edge; error
    @(109.0000 mm, 100.0000 mm): Arc on Edge.Cuts
    @(109.8200 mm, 101.4750 mm): PTH pad SH [<no net>] of J1
[starved_thermal]: Thermal relief connection to zone incomplete (layer F.Cu; zone min spoke count 2; actual 1)
    Local override; error
    @(100.4000 mm, 67.2000 mm): Zone [GND] on F.Cu, priority 0
    @(102.3000 mm, 96.6750 mm): Pad A1 [GND] of J1 on F.Cu
[starved_thermal]: Thermal relief connection to zone incomplete (layer F.Cu; zone min spoke count 2; actual 1)
    Local override; error
    @(100.4000 mm, 67.2000 mm): Zone [GND] on F.Cu, priority 0
    @(108.7000 mm, 96.6750 mm): Pad A12 [GND] of J1 on F.Cu
[starved_thermal]: Thermal relief connection to zone incomplete (layer F.Cu; zone min spoke count 2; actual 1)
    Local override; error
    @(100.4000 mm, 67.2000 mm): Zone [GND] on F.Cu, priority 0
    @(108.7000 mm, 96.6750 mm): Pad B1 [GND] of J1 on F.Cu
[starved_thermal]: Thermal relief connection to zone incomplete (layer F.Cu; zone min spoke count 2; actual 1)
    Local override; error
    @(100.4000 mm, 67.2000 mm): Zone [GND] on F.Cu, priority 0
    @(102.3000 mm, 96.6750 mm): Pad B12 [GND] of J1 on F.Cu
[starved_thermal]: Thermal relief connection to zone incomplete (layer F.Cu; zone min spoke count 2; actual 1)
    Local override; error
    @(100.4000 mm, 67.2000 mm): Zone [GND] on F.Cu, priority 0
    @(106.1500 mm, 67.7250 mm): Pad 14 [GND] of U1 on F.Cu
[starved_thermal]: Thermal relief connection to zone incomplete (layer F.Cu; zone min spoke count 2; actual 1)
    Local override; error
    @(100.4000 mm, 67.2000 mm): Zone [GND] on F.Cu, priority 0
    @(104.8500 mm, 67.7250 mm): Pad 18 [GND] of U1 on F.Cu
[starved_thermal]: Thermal relief connection to zone incomplete (layer F.Cu; zone min spoke count 2; actual 1)
    Local override; error
    @(100.4000 mm, 67.2000 mm): Zone [GND] on F.Cu, priority 0
    @(103.2250 mm, 68.3750 mm): Pad 23 [GND] of U1 on F.Cu
[starved_thermal]: Thermal relief connection to zone incomplete (layer F.Cu; zone min spoke count 2; actual 1)
    Local override; error
    @(100.4000 mm, 67.2000 mm): Zone [GND] on F.Cu, priority 0
    @(108.6000 mm, 76.2000 mm): Pad 5 [GND] of U4 on F.Cu
[isolated_copper]: Isolated copper fill
    Local override; warning
    @(100.4000 mm, 67.2000 mm): Zone [GND] on F.Cu, priority 0
[isolated_copper]: Isolated copper fill
    Local override; warning
    @(100.4000 mm, 67.2000 mm): Zone [GND] on F.Cu, priority 0
[isolated_copper]: Isolated copper fill
    Local override; warning
    @(100.4000 mm, 67.2000 mm): Zone [GND] on GND, priority 0
[isolated_copper]: Isolated copper fill
    Local override; warning
    @(100.4000 mm, 67.2000 mm): Zone [+3V3] on PWR, priority 0

** Found 53 unconnected pads **
[unconnected_items]: Missing connection between items
    Local override; error
    @(102.9000 mm, 75.5875 mm): Pad 14 [+3V3] of U2 on F.Cu
    @(102.9200 mm, 74.0000 mm): Pad 1 [+3V3] of C7 on F.Cu
[unconnected_items]: Missing connection between items
    Local override; error
    @(102.9000 mm, 75.5875 mm): Pad 14 [+3V3] of U2 on F.Cu
    @(102.9000 mm, 77.4125 mm): Pad 5 [+3V3] of U2 on F.Cu
[unconnected_items]: Missing connection between items
    Local override; error
    @(102.9000 mm, 77.4125 mm): Pad 5 [+3V3] of U2 on F.Cu
    @(104.5625 mm, 77.2500 mm): Pad 8 [+3V3] of U2 on F.Cu
[unconnected_items]: Missing connection between items
    Local override; error
    @(102.9200 mm, 74.0000 mm): Pad 1 [+3V3] of C7 on F.Cu
    @(101.8750 mm, 69.3250 mm): Pad 26 [+3V3] of U1 on F.Cu
[unconnected_items]: Missing connection between items
    Local override; error
    @(102.9200 mm, 78.6000 mm): Pad 1 [+3V3] of C8 on F.Cu
    @(102.9000 mm, 77.4125 mm): Pad 5 [+3V3] of U2 on F.Cu
[unconnected_items]: Missing connection between items
    Local override; error
    @(102.9200 mm, 78.6000 mm): Pad 1 [+3V3] of C8 on F.Cu
    @(103.4000 mm, 79.8900 mm): Pad 2 [+3V3] of R7 on F.Cu
[unconnected_items]: Missing connection between items
    Local override; error
    @(103.4000 mm, 79.8900 mm): Pad 2 [+3V3] of R7 on F.Cu
    @(101.6000 mm, 79.8900 mm): Pad 2 [+3V3] of R6 on F.Cu
[unconnected_items]: Missing connection between items
    Local override; error
    @(104.5625 mm, 77.2500 mm): Pad 8 [+3V3] of U2 on F.Cu
    @(108.1200 mm, 78.4000 mm): Pad 1 [+3V3] of C6 on F.Cu
[unconnected_items]: Missing connection between items
    Local override; error
    @(105.0000 mm, 86.5000 mm): Pad 1 [+3V3] of TP5 on B.Cu
    @(108.8000 mm, 91.9000 mm): Pad 1 [+3V3] of J3 on F.Cu
[unconnected_items]: Missing connection between items
    Local override; error
    @(108.1200 mm, 74.0000 mm): Pad 1 [+3V3] of C5 on F.Cu
    @(108.1700 mm, 75.8750 mm): Pad 1 [+3V3] of U4 on F.Cu
[unconnected_items]: Missing connection between items
    Local override; error
    @(108.1700 mm, 75.8750 mm): Pad 1 [+3V3] of U4 on F.Cu
    @(108.1200 mm, 78.4000 mm): Pad 1 [+3V3] of C6 on F.Cu
[unconnected_items]: Missing connection between items
    Local override; error
    @(108.4000 mm, 80.8800 mm): Pad 1 [+3V3] of C4 on F.Cu
    @(108.1200 mm, 78.4000 mm): Pad 1 [+3V3] of C6 on F.Cu
[unconnected_items]: Missing connection between items
    Local override; error
    @(108.4000 mm, 80.8800 mm): Pad 1 [+3V3] of C4 on F.Cu
    @(105.0000 mm, 86.5000 mm): Pad 1 [+3V3] of TP5 on B.Cu
[unconnected_items]: Missing connection between items
    Local override; error
    @(102.9000 mm, 67.7250 mm): Pad 24 [GND] of U1 on F.Cu
    @(100.4000 mm, 67.2000 mm): Zone [GND] on F.Cu, priority 0
[unconnected_items]: Missing connection between items
    Local override; error
    @(103.2250 mm, 68.3750 mm): Pad 23 [GND] of U1 on F.Cu
    @(103.8750 mm, 68.3750 mm): Pad 21 [GND] of U1 on F.Cu
[unconnected_items]: Missing connection between items
    Local override; error
    @(100.4000 mm, 67.2000 mm): Zone [GND] on F.Cu, priority 0
    @(103.8750 mm, 68.3750 mm): Pad 21 [GND] of U1 on F.Cu
[unconnected_items]: Missing connection between items
    Local override; error
    @(100.4000 mm, 67.2000 mm): Zone [GND] on F.Cu, priority 0
    @(100.4000 mm, 67.2000 mm): Zone [GND] on B.Cu, priority 0
[unconnected_items]: Missing connection between items
    Local override; error
    @(101.8000 mm, 89.5100 mm): Pad 1 [VBAT] of R8 on F.Cu
    @(102.2000 mm, 91.9000 mm): Pad 1 [VBAT] of J2 on F.Cu
[unconnected_items]: Missing connection between items
    Local override; error
    @(102.0625 mm, 84.5500 mm): Pad 3 [VBAT] of U3 on F.Cu
    @(101.8000 mm, 89.5100 mm): Pad 1 [VBAT] of R8 on F.Cu
[unconnected_items]: Missing connection between items
    Local override; error
    @(102.0625 mm, 84.5500 mm): Pad 3 [VBAT] of U3 on F.Cu
    @(107.0000 mm, 85.8800 mm): Pad 1 [VBAT] of C2 on F.Cu
[unconnected_items]: Missing connection between items
    Local override; error
    @(106.0000 mm, 80.8800 mm): Pad 1 [VBAT] of C3 on F.Cu
    @(109.0300 mm, 76.5250 mm): Pad 3 [VBAT] of U4 on F.Cu
[unconnected_items]: Missing connection between items
    Local override; error
    @(107.0000 mm, 85.8800 mm): Pad 1 [VBAT] of C2 on F.Cu
    @(106.0000 mm, 80.8800 mm): Pad 1 [VBAT] of C3 on F.Cu
[unconnected_items]: Missing connection between items
    Local override; error
    @(109.0300 mm, 76.5250 mm): Pad 3 [VBAT] of U4 on F.Cu
    @(109.0300 mm, 75.8750 mm): Pad 4 [VBAT] of U4 on F.Cu
[unconnected_items]: Missing connection between items
    Local override; error
    @(101.8000 mm, 88.4900 mm): Pad 2 [VBAT_SENSE] of R8 on F.Cu
    @(103.8000 mm, 89.5100 mm): Pad 1 [VBAT_SENSE] of R9 on F.Cu
[unconnected_items]: Missing connection between items
    Local override; error
    @(103.8000 mm, 89.5100 mm): Pad 1 [VBAT_SENSE] of R9 on F.Cu
    @(105.8000 mm, 89.4800 mm): Pad 1 [VBAT_SENSE] of C10 on F.Cu
[unconnected_items]: Missing connection between items
    Local override; error
    @(104.8500 mm, 71.6250 mm): Pad 38 [VBAT_SENSE] of U1 on F.Cu
    @(101.8000 mm, 88.4900 mm): Pad 2 [VBAT_SENSE] of R8 on F.Cu
[unconnected_items]: Missing connection between items
    Local override; error
    @(104.2000 mm, 71.6250 mm): Pad 36 [FSR_SENSE] of U1 on F.Cu
    @(107.8000 mm, 89.4800 mm): Pad 1 [FSR_SENSE] of C9 on F.Cu
[unconnected_items]: Missing connection between items
    Local override; error
    @(108.8000 mm, 94.1000 mm): Pad 2 [FSR_SENSE] of J3 on F.Cu
    @(109.6000 mm, 89.5100 mm): Pad 1 [FSR_SENSE] of R5 on F.Cu
[unconnected_items]: Missing connection between items
    Local override; error
    @(109.6000 mm, 89.5100 mm): Pad 1 [FSR_SENSE] of R5 on F.Cu
    @(107.8000 mm, 89.4800 mm): Pad 1 [FSR_SENSE] of C9 on F.Cu
[unconnected_items]: Missing connection between items
    Local override; error
    @(103.4000 mm, 75.5875 mm): Pad 13 [SCL] of U2 on F.Cu
    @(103.4000 mm, 80.9100 mm): Pad 1 [SCL] of R7 on F.Cu
[unconnected_items]: Missing connection between items
    Local override; error
    @(109.1250 mm, 69.3250 mm): Pad 6 [SCL] of U1 on F.Cu
    @(103.4000 mm, 75.5875 mm): Pad 13 [SCL] of U2 on F.Cu
[unconnected_items]: Missing connection between items
    Local override; error
    @(102.0625 mm, 82.6500 mm): Pad 1 [CHG_STAT] of U3 on F.Cu
    @(103.6850 mm, 86.6000 mm): Pad 2 [CHG_STAT] of D1 on F.Cu
[unconnected_items]: Missing connection between items
    Local override; error
    @(103.1000 mm, 96.6750 mm): Pad A4 [VBUS] of J1 on F.Cu
    @(107.9000 mm, 96.6750 mm): Pad B4 [VBUS] of J1 on F.Cu
[unconnected_items]: Missing connection between items
    Local override; error
    @(107.9000 mm, 96.6750 mm): Pad B4 [VBUS] of J1 on F.Cu
    @(109.0000 mm, 85.9100 mm): Pad 1 [VBUS] of R4 on F.Cu
[unconnected_items]: Missing connection between items
    Local override; error
    @(109.0000 mm, 83.4800 mm): Pad 1 [VBUS] of C1 on F.Cu
    @(104.3375 mm, 84.5500 mm): Pad 4 [VBUS] of U3 on F.Cu
[unconnected_items]: Missing connection between items
    Local override; error
    @(109.0000 mm, 83.4800 mm): Pad 1 [VBUS] of C1 on F.Cu
    @(106.8000 mm, 67.7250 mm): Pad 12 [VBUS] of U1 on F.Cu
[unconnected_items]: Missing connection between items
    Local override; error
    @(109.0000 mm, 85.9100 mm): Pad 1 [VBUS] of R4 on F.Cu
    @(109.0000 mm, 83.4800 mm): Pad 1 [VBUS] of C1 on F.Cu
[unconnected_items]: Missing connection between items
    Local override; error
    @(104.3375 mm, 82.6500 mm): Pad 5 [IPROG] of U3 on F.Cu
    @(107.0000 mm, 83.5100 mm): Pad 1 [IPROG] of R3 on F.Cu
[unconnected_items]: Missing connection between items
    Local override; error
    @(102.7150 mm, 86.6000 mm): Pad 1 [LED_A] of D1 on F.Cu
    @(109.0000 mm, 84.8900 mm): Pad 2 [LED_A] of R4 on F.Cu
[unconnected_items]: Missing connection between items
    Local override; error
    @(104.2500 mm, 96.6750 mm): Pad A5 [CC1] of J1 on F.Cu
    @(104.6000 mm, 92.7100 mm): Pad 1 [CC1] of R1 on F.Cu
[unconnected_items]: Missing connection between items
    Local override; error
    @(105.2500 mm, 96.6750 mm): Pad A6 [USB_DP] of J1 on F.Cu
    @(106.2500 mm, 96.6750 mm): Pad B6 [USB_DP] of J1 on F.Cu
[unconnected_items]: Missing connection between items
    Local override; error
    @(106.2500 mm, 96.6750 mm): Pad B6 [USB_DP] of J1 on F.Cu
    @(108.1000 mm, 67.7250 mm): Pad 8 [USB_DP] of U1 on F.Cu
[unconnected_items]: Missing connection between items
    Local override; error
    @(104.7500 mm, 96.6750 mm): Pad B7 [USB_DM] of J1 on F.Cu
    @(105.7500 mm, 96.6750 mm): Pad A7 [USB_DM] of J1 on F.Cu
[unconnected_items]: Missing connection between items
    Local override; error
    @(105.7500 mm, 96.6750 mm): Pad A7 [USB_DM] of J1 on F.Cu
    @(107.4500 mm, 67.7250 mm): Pad 10 [USB_DM] of U1 on F.Cu
[unconnected_items]: Missing connection between items
    Local override; error
    @(106.4000 mm, 92.7100 mm): Pad 1 [CC2] of R2 on F.Cu
    @(107.2500 mm, 96.6750 mm): Pad B5 [CC2] of J1 on F.Cu
[unconnected_items]: Missing connection between items
    Local override; error
    @(102.2375 mm, 77.2500 mm): Pad 4 [IMU_INT1] of U2 on F.Cu
    @(109.1250 mm, 70.6250 mm): Pad 2 [IMU_INT1] of U1 on F.Cu
[unconnected_items]: Missing connection between items
    Local override; error
    @(104.5625 mm, 76.7500 mm): Pad 9 [IMU_INT2] of U2 on F.Cu
    @(109.1250 mm, 69.9750 mm): Pad 4 [IMU_INT2] of U1 on F.Cu
[unconnected_items]: Missing connection between items
    Local override; error
    @(101.6000 mm, 80.9100 mm): Pad 1 [SDA] of R6 on F.Cu
    @(103.9000 mm, 75.5875 mm): Pad 12 [SDA] of U2 on F.Cu
[unconnected_items]: Missing connection between items
    Local override; error
    @(103.9000 mm, 75.5875 mm): Pad 12 [SDA] of U2 on F.Cu
    @(102.9000 mm, 71.6250 mm): Pad 32 [SDA] of U1 on F.Cu
[unconnected_items]: Missing connection between items
    Local override; error
    @(106.0000 mm, 84.0000 mm): Pad 1 [nRESET] of TP3 on B.Cu
    @(106.4750 mm, 68.3750 mm): Pad 13 [nRESET] of U1 on F.Cu
[unconnected_items]: Missing connection between items
    Local override; error
    @(103.5500 mm, 67.7250 mm): Pad 22 [ANT] of U1 on F.Cu
    @(104.2000 mm, 67.7250 mm): Pad 20 [ANT] of U1 on F.Cu
[unconnected_items]: Missing connection between items
    Local override; error
    @(101.8750 mm, 69.9750 mm): Pad 28 [SWDIO] of U1 on F.Cu
    @(102.0000 mm, 84.0000 mm): Pad 1 [SWDIO] of TP1 on B.Cu
[unconnected_items]: Missing connection between items
    Local override; error
    @(101.8750 mm, 70.6250 mm): Pad 30 [SWDCLK] of U1 on F.Cu
    @(104.0000 mm, 84.0000 mm): Pad 1 [SWDCLK] of TP2 on B.Cu

** Found 0 Footprint errors **

** Ignored checks **
    - Footprint has no courtyard defined
    - Track endpoint not centered on via
    - Tuning profile track geometries
    - Footprint doesn't match symbol's footprint filters
    - Footprint component type doesn't match footprint pads

** End of Report **
