** Drc report for pen-mixer.kicad_pcb **
** Created on 2026-08-29T19:47:06 **
** Report includes: Errors, Warnings **

** Found 35 DRC violations **
[solder_mask_bridge]: Front solder mask aperture bridges items with different nets
    Rule: board setup solder mask min width; error
    @(97.0239 mm, 52.2353 mm): Via [SWDCLK] on F.Cu - B.Cu
    @(97.5452 mm, 52.4352 mm): Pad 28 [SWDIO] of U1 on F.Cu
[solder_mask_bridge]: Front solder mask aperture bridges items with different nets
    Rule: board setup solder mask min width; error
    @(99.3350 mm, 54.8750 mm): Track [SDA] on F.Cu, length 0.9755 mm
    @(99.2952 mm, 54.1852 mm): Pad 34 [<no net>] of U1 on F.Cu
[solder_mask_bridge]: Front solder mask aperture bridges items with different nets
    Rule: board setup solder mask min width; error
    @(105.2351 mm, 50.3080 mm): Track [USB_DP] on F.Cu, length 1.0127 mm
    @(104.9452 mm, 49.9352 mm): Pad 65 [<no net>] of U1 on F.Cu
[solder_mask_bridge]: Front solder mask aperture bridges items with different nets
    Rule: board setup solder mask min width; error
    @(105.3119 mm, 53.4519 mm): Track [IMU_INT1] on F.Cu, length 1.6570 mm
    @(104.7452 mm, 53.9852 mm): Pad 1 [GND] of U1 on F.Cu
[solder_mask_bridge]: Front solder mask aperture bridges items with different nets
    Rule: board setup solder mask min width; error
    @(104.9452 mm, 52.4352 mm): Track [IMU_INT2] on F.Cu, length 0.7542 mm
    @(104.9452 mm, 53.0852 mm): Pad 2 [IMU_INT1] of U1 on F.Cu
[solder_mask_bridge]: Front solder mask aperture bridges items with different nets
    Rule: board setup solder mask min width; error
    @(97.5452 mm, 52.4352 mm): Track [SWDIO] on F.Cu, length 0.7401 mm
    @(97.5452 mm, 53.0852 mm): Pad 30 [SWDCLK] of U1 on F.Cu
[solder_mask_bridge]: Front solder mask aperture bridges items with different nets
    Rule: board setup solder mask min width; error
    @(97.0219 mm, 52.9585 mm): Via [SWDIO] on F.Cu - B.Cu
    @(97.5452 mm, 53.0852 mm): Pad 30 [SWDCLK] of U1 on F.Cu
[text_thickness]: Text thickness out of range (board setup constraints silk text thickness min thickness 0.0800 mm; actual 0.0700 mm)
    Rule: board setup constraints silk text thickness; warning
    @(102.1802 mm, 55.5852 mm): Reference field of C5
[text_thickness]: Text thickness out of range (board setup constraints silk text thickness min thickness 0.0800 mm; actual 0.0700 mm)
    Rule: board setup constraints silk text thickness; warning
    @(101.7452 mm, 61.2002 mm): Reference field of C3
[text_thickness]: Text thickness out of range (board setup constraints silk text thickness min thickness 0.0800 mm; actual 0.0700 mm)
    Rule: board setup constraints silk text thickness; warning
    @(97.4502 mm, 74.0402 mm): Reference field of R9
[text_thickness]: Text thickness out of range (board setup constraints silk text thickness min thickness 0.0800 mm; actual 0.0700 mm)
    Rule: board setup constraints silk text thickness; warning
    @(100.3902 mm, 62.8852 mm): Reference field of R7
[text_thickness]: Text thickness out of range (board setup constraints silk text thickness min thickness 0.0800 mm; actual 0.0700 mm)
    Rule: board setup constraints silk text thickness; warning
    @(98.9452 mm, 70.0102 mm): Reference field of U3
[text_thickness]: Text thickness out of range (board setup constraints silk text thickness min thickness 0.0800 mm; actual 0.0700 mm)
    Rule: board setup constraints silk text thickness; warning
    @(101.5002 mm, 65.4852 mm): Reference field of R3
[text_thickness]: Text thickness out of range (board setup constraints silk text thickness min thickness 0.0800 mm; actual 0.0700 mm)
    Rule: board setup constraints silk text thickness; warning
    @(99.1452 mm, 59.0002 mm): Reference field of C8
[text_thickness]: Text thickness out of range (board setup constraints silk text thickness min thickness 0.0800 mm; actual 0.0700 mm)
    Rule: board setup constraints silk text thickness; warning
    @(96.9552 mm, 69.0852 mm): Reference field of D1
[text_thickness]: Text thickness out of range (board setup constraints silk text thickness min thickness 0.0800 mm; actual 0.0700 mm)
    Rule: board setup constraints silk text thickness; warning
    @(104.7452 mm, 69.5902 mm): Reference field of R4
[text_thickness]: Text thickness out of range (board setup constraints silk text thickness min thickness 0.0800 mm; actual 0.0700 mm)
    Rule: board setup constraints silk text thickness; warning
    @(101.0452 mm, 55.4102 mm): Reference field of U4
[text_thickness]: Text thickness out of range (board setup constraints silk text thickness min thickness 0.0800 mm; actual 0.0700 mm)
    Rule: board setup constraints silk text thickness; warning
    @(101.2452 mm, 74.6502 mm): Reference field of J1
[text_thickness]: Text thickness out of range (board setup constraints silk text thickness min thickness 0.0800 mm; actual 0.0700 mm)
    Rule: board setup constraints silk text thickness; warning
    @(102.9102 mm, 62.8852 mm): Reference field of C4
[text_thickness]: Text thickness out of range (board setup constraints silk text thickness min thickness 0.0800 mm; actual 0.0700 mm)
    Rule: board setup constraints silk text thickness; warning
    @(101.3452 mm, 45.6852 mm): Reference field of U1
[text_thickness]: Text thickness out of range (board setup constraints silk text thickness min thickness 0.0800 mm; actual 0.0700 mm)
    Rule: board setup constraints silk text thickness; warning
    @(103.3902 mm, 74.0852 mm): Reference field of R2
[text_thickness]: Text thickness out of range (board setup constraints silk text thickness min thickness 0.0800 mm; actual 0.0700 mm)
    Rule: board setup constraints silk text thickness; warning
    @(101.6702 mm, 58.9852 mm): Reference field of U2
[text_thickness]: Text thickness out of range (board setup constraints silk text thickness min thickness 0.0800 mm; actual 0.0700 mm)
    Rule: board setup constraints silk text thickness; warning
    @(99.1002 mm, 74.0852 mm): Reference field of R1
[text_thickness]: Text thickness out of range (board setup constraints silk text thickness min thickness 0.0800 mm; actual 0.0700 mm)
    Rule: board setup constraints silk text thickness; warning
    @(101.5452 mm, 69.8002 mm): Reference field of C10
[text_thickness]: Text thickness out of range (board setup constraints silk text thickness min thickness 0.0800 mm; actual 0.0700 mm)
    Rule: board setup constraints silk text thickness; warning
    @(97.3452 mm, 61.1302 mm): Reference field of R6
[text_thickness]: Text thickness out of range (board setup constraints silk text thickness min thickness 0.0800 mm; actual 0.0700 mm)
    Rule: board setup constraints silk text thickness; warning
    @(105.5502 mm, 61.4352 mm): Reference field of C6
[text_thickness]: Text thickness out of range (board setup constraints silk text thickness min thickness 0.0800 mm; actual 0.0700 mm)
    Rule: board setup constraints silk text thickness; warning
    @(97.5452 mm, 73.1902 mm): Reference field of R8
[text_thickness]: Text thickness out of range (board setup constraints silk text thickness min thickness 0.0800 mm; actual 0.0700 mm)
    Rule: board setup constraints silk text thickness; warning
    @(99.1452 mm, 55.2502 mm): Reference field of C7
[text_thickness]: Text thickness out of range (board setup constraints silk text thickness min thickness 0.0800 mm; actual 0.0700 mm)
    Rule: board setup constraints silk text thickness; warning
    @(101.5102 mm, 67.8852 mm): Reference field of C2
[text_thickness]: Text thickness out of range (board setup constraints silk text thickness min thickness 0.0800 mm; actual 0.0700 mm)
    Rule: board setup constraints silk text thickness; warning
    @(105.9802 mm, 65.4852 mm): Reference field of C1
[text_thickness]: Text thickness out of range (board setup constraints silk text thickness min thickness 0.0800 mm; actual 0.0700 mm)
    Rule: board setup constraints silk text thickness; warning
    @(100.0952 mm, 45.1852 mm): Reference field of TP2
[text_thickness]: Text thickness out of range (board setup constraints silk text thickness min thickness 0.0800 mm; actual 0.0700 mm)
    Rule: board setup constraints silk text thickness; warning
    @(104.4952 mm, 45.1852 mm): Reference field of TP5
[text_thickness]: Text thickness out of range (board setup constraints silk text thickness min thickness 0.0800 mm; actual 0.0700 mm)
    Rule: board setup constraints silk text thickness; warning
    @(102.2952 mm, 45.1852 mm): Reference field of TP4
[text_thickness]: Text thickness out of range (board setup constraints silk text thickness min thickness 0.0800 mm; actual 0.0700 mm)
    Rule: board setup constraints silk text thickness; warning
    @(101.2452 mm, 82.0852 mm): Reference field of J2
[text_thickness]: Text thickness out of range (board setup constraints silk text thickness min thickness 0.0800 mm; actual 0.0700 mm)
    Rule: board setup constraints silk text thickness; warning
    @(97.8952 mm, 45.1852 mm): Reference field of TP1

** Found 0 unconnected pads **

** Found 0 Footprint errors **

** Ignored checks **
    - Footprint has no courtyard defined
    - Track endpoint not centered on via
    - Tuning profile track geometries
    - Footprint doesn't match symbol's footprint filters
    - Footprint component type doesn't match footprint pads

** End of Report **
