** Drc report for pen-mixer.kicad_pcb **
** Created on 2026-08-29T17:21:29 **
** Report includes: Errors, Warnings **

** Found 8 DRC violations **
[solder_mask_bridge]: Front solder mask aperture bridges items with different nets
    Rule: board setup solder mask min width; error
    @(109.2000 mm, 69.9500 mm): Track [IMU_INT2] on F.Cu, length 0.9730 mm
    @(109.2000 mm, 70.6000 mm): Pad 2 [IMU_INT1] of U1 on F.Cu
[solder_mask_bridge]: Front solder mask aperture bridges items with different nets
    Rule: board setup solder mask min width; error
    @(106.2793 mm, 67.6793 mm): Track [VBUS] on F.Cu, length 0.7364 mm
    @(106.1500 mm, 68.2000 mm): Pad 14 [GND] of U1 on F.Cu
[solder_mask_bridge]: Front solder mask aperture bridges items with different nets
    Rule: board setup solder mask min width; error
    @(106.2793 mm, 67.6793 mm): Via [VBUS] on F.Cu - B.Cu
    @(106.1500 mm, 68.2000 mm): Pad 14 [GND] of U1 on F.Cu
[solder_mask_bridge]: Front solder mask aperture bridges items with different nets
    Rule: board setup solder mask min width; error
    @(101.2756 mm, 70.4744 mm): Via [SWDIO] on F.Cu - B.Cu
    @(101.8000 mm, 70.6000 mm): Pad 30 [SWDCLK] of U1 on F.Cu
[solder_mask_bridge]: Front solder mask aperture bridges items with different nets
    Rule: board setup solder mask min width; error
    @(106.9293 mm, 67.6793 mm): Track [USB_DM] on F.Cu, length 0.7364 mm
    @(106.8000 mm, 68.2000 mm): Pad 12 [VBUS] of U1 on F.Cu
[solder_mask_bridge]: Front solder mask aperture bridges items with different nets
    Rule: board setup solder mask min width; error
    @(106.9293 mm, 67.6793 mm): Via [USB_DM] on F.Cu - B.Cu
    @(106.8000 mm, 68.2000 mm): Pad 12 [VBUS] of U1 on F.Cu
[solder_mask_bridge]: Front solder mask aperture bridges items with different nets
    Rule: board setup solder mask min width; error
    @(109.5667 mm, 71.9691 mm): Track [IMU_INT1] on F.Cu, length 1.0024 mm
    @(109.0000 mm, 71.5000 mm): Pad 1 [GND] of U1 on F.Cu
[solder_mask_bridge]: Front solder mask aperture bridges items with different nets
    Rule: board setup solder mask min width; error
    @(109.3071 mm, 72.2287 mm): Track [IMU_INT1] on F.Cu, length 0.3671 mm
    @(109.0000 mm, 71.5000 mm): Pad 1 [GND] of U1 on F.Cu

** Found 0 unconnected pads **

** Found 0 Footprint errors **

** Ignored checks **
    - Footprint has no courtyard defined
    - Track endpoint not centered on via
    - Tuning profile track geometries
    - Footprint doesn't match symbol's footprint filters
    - Footprint component type doesn't match footprint pads

** End of Report **
