** Drc report for pen-mixer.kicad_pcb **
** Created on 2026-08-29T16:27:45 **
** Report includes: Errors, Warnings **

** Found 3 DRC violations **
[track_dangling]: Track has unconnected end
    Local override; warning
    @(101.5793 mm, 88.4900 mm): Track [VBAT_SENSE] on F.Cu, length 0.4253 mm
[via_dangling]: Via is not connected or connected on only one layer
    Local override; warning
    @(105.4852 mm, 90.1275 mm): Via [VBAT_SENSE] on F.Cu - B.Cu
[track_dangling]: Track has unconnected end
    Local override; warning
    @(105.4852 mm, 75.3467 mm): Track [VBAT_SENSE] on PWR, length 1.0015 mm

** Found 17 unconnected pads **
[unconnected_items]: Missing connection between items
    Local override; error
    @(100.4000 mm, 67.2000 mm): Zone [GND] on F.Cu, priority 0
    @(100.4000 mm, 67.2000 mm): Zone [GND] on F.Cu, priority 0
[unconnected_items]: Missing connection between items
    Local override; error
    @(100.4000 mm, 67.2000 mm): Zone [GND] on F.Cu, priority 0
    @(100.4000 mm, 67.2000 mm): Zone [GND] on F.Cu, priority 0
[unconnected_items]: Missing connection between items
    Local override; error
    @(100.4000 mm, 67.2000 mm): Zone [GND] on F.Cu, priority 0
    @(100.4000 mm, 67.2000 mm): Zone [GND] on F.Cu, priority 0
[unconnected_items]: Missing connection between items
    Local override; error
    @(100.4000 mm, 67.2000 mm): Zone [GND] on F.Cu, priority 0
    @(100.4000 mm, 67.2000 mm): Zone [GND] on F.Cu, priority 0
[unconnected_items]: Missing connection between items
    Local override; error
    @(100.4000 mm, 67.2000 mm): Zone [GND] on F.Cu, priority 0
    @(100.4000 mm, 67.2000 mm): Zone [GND] on F.Cu, priority 0
[unconnected_items]: Missing connection between items
    Local override; error
    @(100.4000 mm, 67.2000 mm): Zone [GND] on F.Cu, priority 0
    @(100.4000 mm, 67.2000 mm): Zone [GND] on F.Cu, priority 0
[unconnected_items]: Missing connection between items
    Local override; error
    @(100.4000 mm, 67.2000 mm): Zone [GND] on F.Cu, priority 0
    @(100.4000 mm, 67.2000 mm): Zone [GND] on F.Cu, priority 0
[unconnected_items]: Missing connection between items
    Local override; error
    @(100.4000 mm, 67.2000 mm): Zone [GND] on F.Cu, priority 0
    @(100.4000 mm, 67.2000 mm): Zone [GND] on F.Cu, priority 0
[unconnected_items]: Missing connection between items
    Local override; error
    @(100.4000 mm, 67.2000 mm): Zone [GND] on F.Cu, priority 0
    @(100.4000 mm, 67.2000 mm): Zone [GND] on B.Cu, priority 0
[unconnected_items]: Missing connection between items
    Local override; error
    @(100.4000 mm, 67.2000 mm): Zone [GND] on F.Cu, priority 0
    @(100.4000 mm, 67.2000 mm): Zone [GND] on B.Cu, priority 0
[unconnected_items]: Missing connection between items
    Local override; error
    @(100.4000 mm, 67.2000 mm): Zone [GND] on F.Cu, priority 0
    @(100.4000 mm, 67.2000 mm): Zone [GND] on F.Cu, priority 0
[unconnected_items]: Missing connection between items
    Local override; error
    @(100.4000 mm, 67.2000 mm): Zone [GND] on B.Cu, priority 0
    @(100.4000 mm, 67.2000 mm): Zone [GND] on F.Cu, priority 0
[unconnected_items]: Missing connection between items
    Local override; error
    @(100.4000 mm, 67.2000 mm): Zone [GND] on F.Cu, priority 0
    @(100.4000 mm, 67.2000 mm): Zone [GND] on F.Cu, priority 0
[unconnected_items]: Missing connection between items
    Local override; error
    @(100.4000 mm, 67.2000 mm): Zone [GND] on F.Cu, priority 0
    @(100.4000 mm, 67.2000 mm): Zone [GND] on GND, priority 0
[unconnected_items]: Missing connection between items
    Local override; error
    @(100.4000 mm, 67.2000 mm): Zone [GND] on F.Cu, priority 0
    @(100.4000 mm, 67.2000 mm): Zone [GND] on GND, priority 0
[unconnected_items]: Missing connection between items
    Local override; error
    @(105.4850 mm, 88.8000 mm): Track [VBAT_SENSE] on B.Cu, length 1.3270 mm
    @(105.7700 mm, 89.5100 mm): Track [VBAT_SENSE] on F.Cu, length 0.0424 mm
[unconnected_items]: Missing connection between items
    Local override; error
    @(105.4852 mm, 75.3467 mm): Track [VBAT_SENSE] on PWR, length 1.0015 mm
    @(102.4000 mm, 88.2000 mm): Track [VBAT_SENSE] on B.Cu, length 2.5000 mm

** Found 0 Footprint errors **

** Ignored checks **
    - Footprint has no courtyard defined
    - Track endpoint not centered on via
    - Tuning profile track geometries
    - Footprint doesn't match symbol's footprint filters
    - Footprint component type doesn't match footprint pads

** End of Report **
